{"synthetic": false,
 "schemaVersion": "2025-09-10",
 "outputs":
 {"o": ["c798f072db097228.olean"],
  "m": false,
  "i": "1c2f3177132b9951.ilean",
  "c": "54c599535acd352a.c"},
 "log":
 [{"message":
   ".> LEAN_PATH=/home/xavkal/xdev/SocrateAI-Scientific-RajMathRecovery/dualscale/lean/.lake/packages/Cli/.lake/build/lib/lean:/home/xavkal/xdev/SocrateAI-Scientific-RajMathRecovery/dualscale/lean/.lake/packages/batteries/.lake/build/lib/lean:/home/xavkal/xdev/SocrateAI-Scientific-RajMathRecovery/dualscale/lean/.lake/packages/Qq/.lake/build/lib/lean:/home/xavkal/xdev/SocrateAI-Scientific-RajMathRecovery/dualscale/lean/.lake/packages/aesop/.lake/build/lib/lean:/home/xavkal/xdev/SocrateAI-Scientific-RajMathRecovery/dualscale/lean/.lake/packages/proofwidgets/.lake/build/lib/lean:/home/xavkal/xdev/SocrateAI-Scientific-RajMathRecovery/dualscale/lean/.lake/packages/importGraph/.lake/build/lib/lean:/home/xavkal/xdev/SocrateAI-Scientific-RajMathRecovery/dualscale/lean/.lake/packages/LeanSearchClient/.lake/build/lib/lean:/home/xavkal/xdev/SocrateAI-Scientific-RajMathRecovery/dualscale/lean/.lake/packages/plausible/.lake/build/lib/lean:/home/xavkal/xdev/SocrateAI-Scientific-RajMathRecovery/dualscale/lean/.lake/packages/mathlib/.lake/build/lib/lean:/home/xavkal/xdev/SocrateAI-Scientific-RajMathRecovery/dualscale/lean/.lake/build/lib/lean /home/xavkal/.elan/toolchains/leanprover--lean4---v4.33.0-rc2/bin/lean /home/xavkal/xdev/SocrateAI-Scientific-RajMathRecovery/dualscale/lean/DualScale.lean -o /home/xavkal/xdev/SocrateAI-Scientific-RajMathRecovery/dualscale/lean/.lake/build/lib/lean/DualScale.olean -i /home/xavkal/xdev/SocrateAI-Scientific-RajMathRecovery/dualscale/lean/.lake/build/lib/lean/DualScale.ilean -c /home/xavkal/xdev/SocrateAI-Scientific-RajMathRecovery/dualscale/lean/.lake/build/ir/DualScale.c --setup /home/xavkal/xdev/SocrateAI-Scientific-RajMathRecovery/dualscale/lean/.lake/build/ir/DualScale.setup.json --json",
   "level": "trace"}],
 "inputs":
 [["deps",
   [["dualscale/DualScale:extraDep",
     [["@dualscale:extraDep", "00000000000006bb"]]],
    ["imports",
     [["DualScale.NS.HypothesisU transitive imports (legacy)",
       "8e8bd7a90ccaeafa"],
      ["DualScale.NS.HypothesisU:importAllArts", "04bf4e3f61812078"],
      ["DualScale.NS.Basic transitive imports (legacy)", "e62d908210865a3d"],
      ["DualScale.NS.Basic:importAllArts", "ec9b253a5257cf8c"],
      ["DualScale.SpectralGap.Basic transitive imports (legacy)",
       "624598735ec217a9"],
      ["DualScale.SpectralGap.Basic:importAllArts", "d3e8d0e0689fbd2d"],
      ["DualScale.CFM.Basic transitive imports (legacy)", "84f1ababe7617199"],
      ["DualScale.CFM.Basic:importAllArts", "dd4548540cda8601"],
      ["DualScale.Phase.Basic transitive imports (legacy)", "c85a60b032731b3f"],
      ["DualScale.Phase.Basic:importAllArts", "1c224cf66fc2562d"],
      ["DualScale.K3Lock.Basic transitive imports (legacy)",
       "9460b337fa23c2de"],
      ["DualScale.K3Lock.Basic:importAllArts", "9427b07bf364e213"]]]]],
  ["libs",
   [["import dynlibs", "00000000000006bb"],
    ["package external libraries", "00000000000006bb"],
    ["module dynlibs", "00000000000006bb"],
    ["module plugins", "00000000000006bb"]]],
  ["Lean 4.33.0, commit d8b18978322de05a8f3dba51ef03cf5461676c17",
   "3eca9d16ab6c877d"],
  ["/home/xavkal/xdev/SocrateAI-Scientific-RajMathRecovery/dualscale/lean/DualScale.lean",
   "e80b8328f37f87e7"],
  ["options", "00000000000006bb"],
  ["isModule: false", "feefd2a0d3a1847e"],
  ["Module.name: DualScale", "f38b4a0c750b07ba"],
  ["Package.id?: (some dualscale)", "bd3e871f190d6ffc"],
  ["Module.leanArgs: #[]", "00000000000006bb"]],
 "depHash": "2b82cd204fc8ef4d"}