{"synthetic": false,
 "schemaVersion": "2025-09-10",
 "outputs":
 {"o": ["723fb3184d7e49b2.olean"],
  "m": false,
  "i": "8b6a56387dd4814a.ilean",
  "c": "4559cf08564cc305.c"},
 "log":
 [{"message":
   ".> LEAN_PATH=/home/xavkal/xdev/SocrateAI-Scientific-RajMathRecovery/dualscale/lean/.lake/packages/Cli/.lake/build/lib/lean:/home/xavkal/xdev/SocrateAI-Scientific-RajMathRecovery/dualscale/lean/.lake/packages/batteries/.lake/build/lib/lean:/home/xavkal/xdev/SocrateAI-Scientific-RajMathRecovery/dualscale/lean/.lake/packages/Qq/.lake/build/lib/lean:/home/xavkal/xdev/SocrateAI-Scientific-RajMathRecovery/dualscale/lean/.lake/packages/aesop/.lake/build/lib/lean:/home/xavkal/xdev/SocrateAI-Scientific-RajMathRecovery/dualscale/lean/.lake/packages/proofwidgets/.lake/build/lib/lean:/home/xavkal/xdev/SocrateAI-Scientific-RajMathRecovery/dualscale/lean/.lake/packages/importGraph/.lake/build/lib/lean:/home/xavkal/xdev/SocrateAI-Scientific-RajMathRecovery/dualscale/lean/.lake/packages/LeanSearchClient/.lake/build/lib/lean:/home/xavkal/xdev/SocrateAI-Scientific-RajMathRecovery/dualscale/lean/.lake/packages/plausible/.lake/build/lib/lean:/home/xavkal/xdev/SocrateAI-Scientific-RajMathRecovery/dualscale/lean/.lake/packages/mathlib/.lake/build/lib/lean:/home/xavkal/xdev/SocrateAI-Scientific-RajMathRecovery/dualscale/lean/.lake/build/lib/lean /home/xavkal/.elan/toolchains/leanprover--lean4---v4.33.0-rc2/bin/lean /home/xavkal/xdev/SocrateAI-Scientific-RajMathRecovery/dualscale/lean/DualScale/Phase/Basic.lean -o /home/xavkal/xdev/SocrateAI-Scientific-RajMathRecovery/dualscale/lean/.lake/build/lib/lean/DualScale/Phase/Basic.olean -i /home/xavkal/xdev/SocrateAI-Scientific-RajMathRecovery/dualscale/lean/.lake/build/lib/lean/DualScale/Phase/Basic.ilean -c /home/xavkal/xdev/SocrateAI-Scientific-RajMathRecovery/dualscale/lean/.lake/build/ir/DualScale/Phase/Basic.c --setup /home/xavkal/xdev/SocrateAI-Scientific-RajMathRecovery/dualscale/lean/.lake/build/ir/DualScale/Phase/Basic.setup.json --json",
   "level": "trace"}],
 "inputs":
 [["deps",
   [["dualscale/DualScale:extraDep",
     [["@dualscale:extraDep", "00000000000006bb"]]],
    ["imports",
     [["Mathlib.Data.Rat.Init transitive imports (legacy)", "4469f0c7cc708be1"],
      ["Mathlib.Data.Rat.Init:importAllArts", "1dc0236f47443c2b"],
      ["Mathlib.Data.Real.Basic transitive imports (legacy)",
       "79b42e808260dcbe"],
      ["Mathlib.Data.Real.Basic:importAllArts", "3adebedb63938b6c"]]]]],
  ["libs",
   [["import dynlibs", "00000000000006bb"],
    ["package external libraries", "00000000000006bb"],
    ["module dynlibs", "00000000000006bb"],
    ["module plugins", "00000000000006bb"]]],
  ["Lean 4.33.0, commit d8b18978322de05a8f3dba51ef03cf5461676c17",
   "3eca9d16ab6c877d"],
  ["/home/xavkal/xdev/SocrateAI-Scientific-RajMathRecovery/dualscale/lean/DualScale/Phase/Basic.lean",
   "370340f6e18797fb"],
  ["options", "00000000000006bb"],
  ["isModule: false", "feefd2a0d3a1847e"],
  ["Module.name: DualScale.Phase.Basic", "543e21bd49997611"],
  ["Package.id?: (some dualscale)", "bd3e871f190d6ffc"],
  ["Module.leanArgs: #[]", "00000000000006bb"]],
 "depHash": "406e53e896ee31bf"}