{"synthetic": false,
 "schemaVersion": "2025-09-10",
 "outputs":
 {"o": ["40c30266249503e7.olean"],
  "m": false,
  "i": "e00d5e7ccb8a0f13.ilean",
  "c": "0c346331c2633cd7.c"},
 "log":
 [{"message":
   ".> LEAN_PATH=/home/xavkal/xdev/SocrateAI-Scientific-RajMathRecovery/dualscale/lean/.lake/packages/Cli/.lake/build/lib/lean:/home/xavkal/xdev/SocrateAI-Scientific-RajMathRecovery/dualscale/lean/.lake/packages/batteries/.lake/build/lib/lean:/home/xavkal/xdev/SocrateAI-Scientific-RajMathRecovery/dualscale/lean/.lake/packages/Qq/.lake/build/lib/lean:/home/xavkal/xdev/SocrateAI-Scientific-RajMathRecovery/dualscale/lean/.lake/packages/aesop/.lake/build/lib/lean:/home/xavkal/xdev/SocrateAI-Scientific-RajMathRecovery/dualscale/lean/.lake/packages/proofwidgets/.lake/build/lib/lean:/home/xavkal/xdev/SocrateAI-Scientific-RajMathRecovery/dualscale/lean/.lake/packages/importGraph/.lake/build/lib/lean:/home/xavkal/xdev/SocrateAI-Scientific-RajMathRecovery/dualscale/lean/.lake/packages/LeanSearchClient/.lake/build/lib/lean:/home/xavkal/xdev/SocrateAI-Scientific-RajMathRecovery/dualscale/lean/.lake/packages/plausible/.lake/build/lib/lean:/home/xavkal/xdev/SocrateAI-Scientific-RajMathRecovery/dualscale/lean/.lake/packages/mathlib/.lake/build/lib/lean:/home/xavkal/xdev/SocrateAI-Scientific-RajMathRecovery/dualscale/lean/.lake/build/lib/lean /home/xavkal/.elan/toolchains/leanprover--lean4---v4.33.0-rc2/bin/lean /home/xavkal/xdev/SocrateAI-Scientific-RajMathRecovery/dualscale/lean/DualScale/K3Lock/Basic.lean -o /home/xavkal/xdev/SocrateAI-Scientific-RajMathRecovery/dualscale/lean/.lake/build/lib/lean/DualScale/K3Lock/Basic.olean -i /home/xavkal/xdev/SocrateAI-Scientific-RajMathRecovery/dualscale/lean/.lake/build/lib/lean/DualScale/K3Lock/Basic.ilean -c /home/xavkal/xdev/SocrateAI-Scientific-RajMathRecovery/dualscale/lean/.lake/build/ir/DualScale/K3Lock/Basic.c --setup /home/xavkal/xdev/SocrateAI-Scientific-RajMathRecovery/dualscale/lean/.lake/build/ir/DualScale/K3Lock/Basic.setup.json --json",
   "level": "trace"}],
 "inputs":
 [["deps",
   [["dualscale/DualScale:extraDep",
     [["@dualscale:extraDep", "00000000000006bb"]]],
    ["imports",
     [["Mathlib.Data.Rat.Init transitive imports (legacy)", "4469f0c7cc708be1"],
      ["Mathlib.Data.Rat.Init:importAllArts", "1dc0236f47443c2b"],
      ["Mathlib.Data.Real.Basic transitive imports (legacy)",
       "79b42e808260dcbe"],
      ["Mathlib.Data.Real.Basic:importAllArts", "3adebedb63938b6c"],
      ["Mathlib.Tactic.Linarith transitive imports (legacy)",
       "2887a8c350b77db2"],
      ["Mathlib.Tactic.Linarith:importAllArts", "b79a60fb31230c4b"],
      ["Mathlib.Tactic.Ring transitive imports (legacy)", "e27317e63a08ef01"],
      ["Mathlib.Tactic.Ring:importAllArts", "b15eae29486d21a9"]]]]],
  ["libs",
   [["import dynlibs", "00000000000006bb"],
    ["package external libraries", "00000000000006bb"],
    ["module dynlibs", "00000000000006bb"],
    ["module plugins", "00000000000006bb"]]],
  ["Lean 4.33.0, commit d8b18978322de05a8f3dba51ef03cf5461676c17",
   "3eca9d16ab6c877d"],
  ["/home/xavkal/xdev/SocrateAI-Scientific-RajMathRecovery/dualscale/lean/DualScale/K3Lock/Basic.lean",
   "ee9a14ab92e83722"],
  ["options", "00000000000006bb"],
  ["isModule: false", "feefd2a0d3a1847e"],
  ["Module.name: DualScale.K3Lock.Basic", "08fc9e6cb7af7fbe"],
  ["Package.id?: (some dualscale)", "bd3e871f190d6ffc"],
  ["Module.leanArgs: #[]", "00000000000006bb"]],
 "depHash": "2c77649f0f55e120"}