{"synthetic": false,
 "schemaVersion": "2025-09-10",
 "outputs":
 {"o": ["27f669efbd098cae.olean"],
  "m": false,
  "i": "2c82d51117ee7586.ilean",
  "c": "1b00074c2c6eeb44.c"},
 "log":
 [{"message":
   ".> LEAN_PATH=/home/xavkal/xdev/SocrateAI-Scientific-RajMathRecovery/dualscale/lean/.lake/packages/Cli/.lake/build/lib/lean:/home/xavkal/xdev/SocrateAI-Scientific-RajMathRecovery/dualscale/lean/.lake/packages/batteries/.lake/build/lib/lean:/home/xavkal/xdev/SocrateAI-Scientific-RajMathRecovery/dualscale/lean/.lake/packages/Qq/.lake/build/lib/lean:/home/xavkal/xdev/SocrateAI-Scientific-RajMathRecovery/dualscale/lean/.lake/packages/aesop/.lake/build/lib/lean:/home/xavkal/xdev/SocrateAI-Scientific-RajMathRecovery/dualscale/lean/.lake/packages/proofwidgets/.lake/build/lib/lean:/home/xavkal/xdev/SocrateAI-Scientific-RajMathRecovery/dualscale/lean/.lake/packages/importGraph/.lake/build/lib/lean:/home/xavkal/xdev/SocrateAI-Scientific-RajMathRecovery/dualscale/lean/.lake/packages/LeanSearchClient/.lake/build/lib/lean:/home/xavkal/xdev/SocrateAI-Scientific-RajMathRecovery/dualscale/lean/.lake/packages/plausible/.lake/build/lib/lean:/home/xavkal/xdev/SocrateAI-Scientific-RajMathRecovery/dualscale/lean/.lake/packages/mathlib/.lake/build/lib/lean:/home/xavkal/xdev/SocrateAI-Scientific-RajMathRecovery/dualscale/lean/.lake/build/lib/lean /home/xavkal/.elan/toolchains/leanprover--lean4---v4.33.0-rc2/bin/lean /home/xavkal/xdev/SocrateAI-Scientific-RajMathRecovery/dualscale/lean/DualScale/NS/DyadicShell.lean -o /home/xavkal/xdev/SocrateAI-Scientific-RajMathRecovery/dualscale/lean/.lake/build/lib/lean/DualScale/NS/DyadicShell.olean -i /home/xavkal/xdev/SocrateAI-Scientific-RajMathRecovery/dualscale/lean/.lake/build/lib/lean/DualScale/NS/DyadicShell.ilean -c /home/xavkal/xdev/SocrateAI-Scientific-RajMathRecovery/dualscale/lean/.lake/build/ir/DualScale/NS/DyadicShell.c --setup /home/xavkal/xdev/SocrateAI-Scientific-RajMathRecovery/dualscale/lean/.lake/build/ir/DualScale/NS/DyadicShell.setup.json --json",
   "level": "trace"},
  {"message":
   "DualScale/NS/DyadicShell.lean:65:66: Variable name `h_alpha` is not explicitly referenced.\n\nHint: The binding can be removed (if unused) or named `_` (if used implicitly). Alternatively, prefix the name with `_` to silence this warning:\n  [apply] _h_alpha\n\nNote: This linter can be disabled with `set_option linter.unusedVariables false`",
   "level": "warning"}],
 "inputs":
 [["deps",
   [["dualscale/DualScale:extraDep",
     [["@dualscale:extraDep", "00000000000006bb"]]],
    ["imports",
     [["Mathlib.Analysis.Calculus.FDeriv.Basic transitive imports (legacy)",
       "755d766466285150"],
      ["Mathlib.Analysis.Calculus.FDeriv.Basic:importAllArts",
       "37789218edb1f5cd"],
      ["Mathlib.Analysis.Calculus.Deriv.Basic transitive imports (legacy)",
       "7a39b1ae1bd6a912"],
      ["Mathlib.Analysis.Calculus.Deriv.Basic:importAllArts",
       "d048a8454cb68a6e"],
      ["Mathlib.Data.Real.Basic transitive imports (legacy)",
       "79b42e808260dcbe"],
      ["Mathlib.Data.Real.Basic:importAllArts", "3adebedb63938b6c"],
      ["Mathlib.Data.Complex.Basic transitive imports (legacy)",
       "1810d48c662101f3"],
      ["Mathlib.Data.Complex.Basic:importAllArts", "828f0352c9dcd6bc"],
      ["Mathlib.Tactic.Ring transitive imports (legacy)", "e27317e63a08ef01"],
      ["Mathlib.Tactic.Ring:importAllArts", "b15eae29486d21a9"]]]]],
  ["libs",
   [["import dynlibs", "00000000000006bb"],
    ["package external libraries", "00000000000006bb"],
    ["module dynlibs", "00000000000006bb"],
    ["module plugins", "00000000000006bb"]]],
  ["Lean 4.33.0, commit d8b18978322de05a8f3dba51ef03cf5461676c17",
   "3eca9d16ab6c877d"],
  ["/home/xavkal/xdev/SocrateAI-Scientific-RajMathRecovery/dualscale/lean/DualScale/NS/DyadicShell.lean",
   "853fb4241cbc17f7"],
  ["options", "00000000000006bb"],
  ["isModule: false", "feefd2a0d3a1847e"],
  ["Module.name: DualScale.NS.DyadicShell", "682540c2fed4c8e0"],
  ["Package.id?: (some dualscale)", "bd3e871f190d6ffc"],
  ["Module.leanArgs: #[]", "00000000000006bb"]],
 "depHash": "23fdb5ed4e9857c1"}