{"synthetic": false,
 "schemaVersion": "2025-09-10",
 "outputs":
 {"o": ["cbbf0bf933b23730.olean"],
  "m": false,
  "i": "d8acbeecb499f592.ilean",
  "c": "9b5ad1ffe6759725.c"},
 "log":
 [{"message":
   ".> LEAN_PATH=/home/xavkal/xdev/SocrateAI-Scientific-RajMathRecovery/dualscale/lean/.lake/packages/Cli/.lake/build/lib/lean:/home/xavkal/xdev/SocrateAI-Scientific-RajMathRecovery/dualscale/lean/.lake/packages/batteries/.lake/build/lib/lean:/home/xavkal/xdev/SocrateAI-Scientific-RajMathRecovery/dualscale/lean/.lake/packages/Qq/.lake/build/lib/lean:/home/xavkal/xdev/SocrateAI-Scientific-RajMathRecovery/dualscale/lean/.lake/packages/aesop/.lake/build/lib/lean:/home/xavkal/xdev/SocrateAI-Scientific-RajMathRecovery/dualscale/lean/.lake/packages/proofwidgets/.lake/build/lib/lean:/home/xavkal/xdev/SocrateAI-Scientific-RajMathRecovery/dualscale/lean/.lake/packages/importGraph/.lake/build/lib/lean:/home/xavkal/xdev/SocrateAI-Scientific-RajMathRecovery/dualscale/lean/.lake/packages/LeanSearchClient/.lake/build/lib/lean:/home/xavkal/xdev/SocrateAI-Scientific-RajMathRecovery/dualscale/lean/.lake/packages/plausible/.lake/build/lib/lean:/home/xavkal/xdev/SocrateAI-Scientific-RajMathRecovery/dualscale/lean/.lake/packages/mathlib/.lake/build/lib/lean:/home/xavkal/xdev/SocrateAI-Scientific-RajMathRecovery/dualscale/lean/.lake/build/lib/lean /home/xavkal/.elan/toolchains/leanprover--lean4---v4.33.0-rc2/bin/lean /home/xavkal/xdev/SocrateAI-Scientific-RajMathRecovery/dualscale/lean/DualScale/NS/HypothesisU.lean -o /home/xavkal/xdev/SocrateAI-Scientific-RajMathRecovery/dualscale/lean/.lake/build/lib/lean/DualScale/NS/HypothesisU.olean -i /home/xavkal/xdev/SocrateAI-Scientific-RajMathRecovery/dualscale/lean/.lake/build/lib/lean/DualScale/NS/HypothesisU.ilean -c /home/xavkal/xdev/SocrateAI-Scientific-RajMathRecovery/dualscale/lean/.lake/build/ir/DualScale/NS/HypothesisU.c --setup /home/xavkal/xdev/SocrateAI-Scientific-RajMathRecovery/dualscale/lean/.lake/build/ir/DualScale/NS/HypothesisU.setup.json --json",
   "level": "trace"},
  {"message":
   "DualScale/NS/HypothesisU.lean:24:19: Variable name `a` is not explicitly referenced.\n\nHint: The binding can be removed (if unused) or named `_` (if used implicitly). Alternatively, prefix the name with `_` to silence this warning:\n  [apply] _a\n\nNote: This linter can be disabled with `set_option linter.unusedVariables false`",
   "level": "warning"},
  {"message": "DualScale/NS/HypothesisU.lean:57:18: declaration uses `sorry`",
   "level": "warning"},
  {"message": "DualScale/NS/HypothesisU.lean:86:4: declaration uses `sorry`",
   "level": "warning"},
  {"message": "DualScale/NS/HypothesisU.lean:94:6: declaration uses `sorry`",
   "level": "warning"}],
 "inputs":
 [["deps",
   [["dualscale/DualScale:extraDep",
     [["@dualscale:extraDep", "00000000000006bb"]]],
    ["imports",
     [["Mathlib.Data.Rat.Init transitive imports (legacy)", "4469f0c7cc708be1"],
      ["Mathlib.Data.Rat.Init:importAllArts", "1dc0236f47443c2b"],
      ["Mathlib.Analysis.Calculus.FDeriv.Basic transitive imports (legacy)",
       "755d766466285150"],
      ["Mathlib.Analysis.Calculus.FDeriv.Basic:importAllArts",
       "37789218edb1f5cd"],
      ["Mathlib.Analysis.Calculus.ContDiff.Basic transitive imports (legacy)",
       "50dbdc3de5532eab"],
      ["Mathlib.Analysis.Calculus.ContDiff.Basic:importAllArts",
       "ab778dc47f76ea76"],
      ["Mathlib.MeasureTheory.Measure.Lebesgue.Basic transitive imports (legacy)",
       "7e7a04c0b87bc6bf"],
      ["Mathlib.MeasureTheory.Measure.Lebesgue.Basic:importAllArts",
       "46ceb148e9764306"],
      ["Mathlib.Analysis.InnerProductSpace.PiL2 transitive imports (legacy)",
       "498e09c850cdca7f"],
      ["Mathlib.Analysis.InnerProductSpace.PiL2:importAllArts",
       "b2861ed1502214bc"],
      ["Mathlib.Data.Real.Basic transitive imports (legacy)",
       "79b42e808260dcbe"],
      ["Mathlib.Data.Real.Basic:importAllArts", "3adebedb63938b6c"],
      ["Mathlib.Analysis.Real.Sqrt transitive imports (legacy)",
       "2f68249e9add6aa1"],
      ["Mathlib.Analysis.Real.Sqrt:importAllArts", "8075a132b5350b8e"]]]]],
  ["libs",
   [["import dynlibs", "00000000000006bb"],
    ["package external libraries", "00000000000006bb"],
    ["module dynlibs", "00000000000006bb"],
    ["module plugins", "00000000000006bb"]]],
  ["Lean 4.33.0, commit d8b18978322de05a8f3dba51ef03cf5461676c17",
   "3eca9d16ab6c877d"],
  ["/home/xavkal/xdev/SocrateAI-Scientific-RajMathRecovery/dualscale/lean/DualScale/NS/HypothesisU.lean",
   "ec17e51ec236eaa5"],
  ["options", "00000000000006bb"],
  ["isModule: false", "feefd2a0d3a1847e"],
  ["Module.name: DualScale.NS.HypothesisU", "2bf3dc001ca832af"],
  ["Package.id?: (some dualscale)", "bd3e871f190d6ffc"],
  ["Module.leanArgs: #[]", "00000000000006bb"]],
 "depHash": "9f21d437aa6d807f"}